// Vitest Snapshot v1, https://vitest.dev/guide/snapshot.html

exports[`Headerlogo > renders 1`] = `
"<div id="test-wrapper">
  <!-- eslint-disable-line @intlify/vue-i18n/no-raw-text --> Logo - ocelot + Subtitle SaaS <img src="https://flowbite.com/docs/images/logo.svg" class="h-8" alt="Ocelot Hosting Logo"><span class="self-center text-2xl font-semibold whitespace-nowrap dark:text-white">Ocelot Hosting</span>
</div>"
`;
