// Vitest Snapshot v1, https://vitest.dev/guide/snapshot.html

exports[`Page: Pricing > renders 1`] = `
"<div id="test-wrapper">
  <div>
    <!-- eslint-disable-next-line @intlify/vue-i18n/no-raw-text -->
    <section> Pricing Table: - Test Free - Trial - 14days for free - Up to 100 Users -&gt; 100€/Month - Up to 1000 Users -&gt; 225€/Month - More -&gt; Get in touch </section><!-- eslint-disable-next-line @intlify/vue-i18n/no-raw-text -->
    <section>Additonal Services: - Customization: Logo &amp; Colors - Development of Features</section><!-- eslint-disable-next-line @intlify/vue-i18n/no-raw-text -->
    <section>Book Trial: - Form</section>
  </div>
</div>"
`;
