// Vitest Snapshot v1, https://vitest.dev/guide/snapshot.html

exports[`Layout: Default > renders 1`] = `
"<div id="test-wrapper">
  <div>
    <nav class="bg-white border-gray-200 dark:bg-gray-900 w-full fixed top-0">
      <div class="max-w-screen-xl flex flex-wrap items-center justify-between mx-auto p-4"><a href="/#home" class="flex items-center space-x-3 rtl:space-x-reverse"><svg data-v-279a7136="" xmlns="http://www.w3.org/2000/svg" xml:space="preserve" viewBox="0 0 218.242 68.792" class="nuxt-icon nuxt-icon--fill logo">
            <g style="display:inline;">
              <g style="clip-rule:evenodd;display:inline;fill-rule:evenodd;stroke-linejoin:round;stroke-miterlimit:2;">
                <g style="fill:#e67919;fill-opacity:1;">
                  <path d="M50.078 80.683c0 2.423 5.054 4.591 6.091 4.858 1.036.268.719 1.449 3.487.873 2.767-.577 5.756-3.233 8.605-6.897s.764-6.293-1.361-9.082c-2.125-2.789-6.731-6.023-7.244-12.28-.404-4.921 3.644-5.108 5.34-5.279 1.697-.171 4.501 1.974 5.658 1.726 1.106-.236 5.764 4.232 6.275 2.632-.287-1.936.909-2.97 2.519-3.034 1.609-.064 2.175 2.573 2.908 3.955.903 1.706 1.642.505 1.79-.926.392-3.814-.886-7.736-.235-10.257.366-1.417 1.371-1.586 2.881-3.241 3.978-4.359 4.026-10.816 3.131-13.904 1.031-1.253 2.394-1.256 2.598-8.289.205-7.033-5.07-13.007-6.483-13.817-1.414-.811-5.433-.088-6.483.789-1.049.877-13.069 10.881-14.559 12.59-1.489 1.71-2.244 2.516-1.44 6.106-2.828-2.647-7.483-4.514-13.478-3.566-5.995-.948-10.651.919-13.478 3.566.803-3.59.049-4.396-1.441-6.106C33.669 19.391 21.65 9.387 20.6 8.51c-1.049-.877-5.068-1.6-6.482-.789-1.414.81-6.688 6.784-6.484 13.817.204 7.033 1.567 7.036 2.599 8.289-.896 3.088-.848 9.545 3.13 13.904 1.511 1.655 2.515 1.824 2.882 3.241.651 2.521-.628 6.443-.235 10.257.147 1.431.886 2.632 1.79.926.732-1.382 1.299-4.019 2.908-3.955 1.609.064 2.806 1.098 2.519 3.034.51 1.6 5.169-2.868 6.275-2.632 1.157.248 3.96-1.897 5.657-1.726 1.697.171 5.745.358 5.341 5.279-.513 6.257-5.119 9.491-7.244 12.28-2.126 2.789-4.21 5.418-1.362 9.082 2.849 3.664 5.838 6.32 8.606 6.897 2.768.576 2.451-.605 3.487-.873 1.036-.267 6.091-2.435 6.091-4.858 0-2.424 0-2.424 0 0z" style="display:inline;fill:#e67919;fill-opacity:1;" transform="translate(-4.893 -4.71) scale(.78193)"></path>
                </g>
                <g style="display:inline;clip-rule:evenodd;fill-rule:evenodd;stroke-linejoin:round;stroke-miterlimit:2;fill:#868383;fill-opacity:1;">
                  <path d="M50 86.57c2.004 0 6.013-1.029 6.013-1.029 1.036.268.719 1.449 3.487.873 0 0 1.417-.227 1.543.686.127.913-.788 2.934-3.286 4.4-2.499 1.466-5.115 1.372-7.757 1.401-2.642-.029-5.258.065-7.757-1.401-2.498-1.466-3.413-3.487-3.286-4.4.126-.913 1.543-.686 1.543-.686 2.768.576 2.451-.605 3.487-.873 0 0 4.009 1.029 6.013 1.029z" style="display:inline;clip-rule:evenodd;fill-rule:evenodd;stroke-linejoin:round;stroke-miterlimit:2;fill:#868383;fill-opacity:1;stroke:none;stroke-opacity:1;" transform="translate(-4.893 -4.71) scale(.78193)"></path>
                  <path d="M68.261 79.517c2.849-3.664.764-6.293-1.361-9.082-2.125-2.789-6.731-6.023-7.244-12.28-.404-4.921 3.644-5.108 5.34-5.279 1.697-.171 4.501 1.974 5.658 1.726 1.106-.236 5.764 4.232 6.275 2.632-.287-1.936.909-2.97 2.519-3.034 1.609-.064 2.205 2.477 2.908 3.955 1.968 4.138-.509 7.592-2.583 10.737-2.349 3.56-11.512 10.625-11.512 10.625z" style="fill:#868383;fill-opacity:1;" transform="matrix(-.78193 0 0 .78193 73.4 -4.71)"></path>
                  <path d="M68.261 79.517c2.849-3.664.764-6.293-1.361-9.082-2.125-2.789-6.731-6.023-7.244-12.28-.404-4.921 3.644-5.108 5.34-5.279 1.697-.171 4.501 1.974 5.658 1.726 1.106-.236 5.764 4.232 6.275 2.632-.287-1.936.909-2.97 2.519-3.034 1.609-.064 2.205 2.477 2.908 3.955 1.968 4.138-.509 7.592-2.583 10.737-2.349 3.56-11.512 10.625-11.512 10.625z" style="display:inline;clip-rule:evenodd;fill-rule:evenodd;stroke-linejoin:round;stroke-miterlimit:2;fill:#868383;fill-opacity:1;" transform="translate(-4.893 -4.71) scale(.78193)"></path>
                </g>
                <g style="display:inline;clip-rule:evenodd;fill-rule:evenodd;stroke-linejoin:round;stroke-miterlimit:2;">
                  <path d="M43.987 85.541c1.036-.267 6.091-2.435 6.091-4.858 0-2.424 0-2.424 0 0 0 2.423 5.054 4.591 6.091 4.858 0 0-4.139 1.029-6.169 1.029-2.004 0-6.013-1.029-6.013-1.029z" style="display:inline;fill:#e8a3ec;stroke-width:1.00009;stroke-dasharray:none;" transform="translate(-4.893 -4.71) scale(.78193)"></path>
                  <g style="fill:#a9e619;fill-opacity:1;">
                    <path d="M60.195 60.954a12.91 12.91 0 0 1-.539-2.799c-.404-4.921 3.644-5.108 5.34-5.279 1.697-.171 4.501 1.974 5.658 1.726 0 0-.687 2.011-.25 3.553.438 1.541-.363 5.196-5.002 5.196-4.64 0-5.207-2.397-5.207-2.397z" style="display:inline;clip-rule:evenodd;fill-rule:evenodd;stroke-linejoin:round;stroke-miterlimit:2;fill:#a9e619;fill-opacity:1;stroke-width:1.00009;stroke-dasharray:none;" transform="matrix(-.78193 0 0 .78193 73.4 -4.71)"></path>
                    <path d="M60.195 60.954a12.91 12.91 0 0 1-.539-2.799c-.404-4.921 3.644-5.108 5.34-5.279 1.697-.171 4.501 1.974 5.658 1.726 0 0-.687 2.011-.25 3.553.438 1.541-.363 5.196-5.002 5.196-4.64 0-5.207-2.397-5.207-2.397z" style="display:inline;clip-rule:evenodd;fill-rule:evenodd;stroke-linejoin:round;stroke-miterlimit:2;fill:#a9e619;fill-opacity:1;stroke-width:1.00009;stroke-dasharray:none;" transform="translate(-4.893 -4.71) scale(.78193)"></path>
                  </g>
                </g>
                <path d="M114.4 17.155c-3.4-4.4-6.7-3.3-8.5-2.7-.3.1-.5.2-.8.2-1.1.2-4 2.3-15.1 12.4l-.6.5c-1.7 1.5-2.4 3.1-2.7 4.3-1.4-.7-3.7-1.4-7-1.7-1.9-.2-4.1-.1-4.8 0-.7 0-2.9-.2-4.8 0-3.3.3-5.6 1-7 1.7-.3-1.3-1-2.8-2.7-4.3l-.6-.5c-10.9-10.1-13.8-12.2-14.9-12.4-.2 0-.5-.1-.8-.2-1.8-.6-5.1-1.7-8.5 2.7-3.6 4.7-6.3 15-2.5 19.6.4.4.7.8.9 1.1l-.1.3c-.1.2-1.7 5 1.4 11 1.3 2.6 2.6 3.8 3.6 4.7 1.1 1.1 1.6 1.5 1.5 3.6-.2 3.1-.7 5.2-.7 5.2v.4c0 .3.2 8.4 5 14.4 4.4 5.5 7.3 8.6 10.9 10.2 1.3 2.4 3.6 4.9 6.2 6.5.1.1.3.2.6.4.9 2.9 3.6 7.3 9 7.3h3s1.7 0 4.7-.1c5.5-.1 8.2-4.5 9-7.3.2-.1.4-.3.5-.3 2.6-1.5 5-4.1 6.3-6.5 3.6-1.6 6.5-4.7 10.9-10.2 4.8-6 5-14 5-14.4v-.4s-.5-1.8-.7-5.2c-.1-2.1.3-2.5 1.4-3.6.9-.9 2.2-2.2 3.6-4.7 3.1-6 1.4-10.8 1.4-11l-.5-.3c.2-.3.5-.7.9-1.2 3.8-4.5 1.1-14.8-2.5-19.5zm-35.6 82.1c-2.9.1-4.6.1-4.6.1-.6-.1-1.6-.1-3-.1-3 0-4.7-1.8-5.7-3.4h.4c.5 0 1-.1 1.6-.3.5-.2.9-.4 1.4-.6 1 .5 3.1 1.2 6.2 1h1.1c2.5 0 4.2-.6 5.1-1 .5.2 1 .4 1.4.6.6.3 1.3.3 1.9.3-1.1 1.6-2.8 3.3-5.8 3.4zm-3.8-8c.3.4.6.7.9.9.5.3 1.2.7 1.9 1.1-.8.1-1.7.2-2.7.1h-.2c-1.1.1-2 0-2.7-.1.7-.4 1.4-.8 1.9-1.1.3-.2.6-.5.9-.9zm40-56.1c-1.6 1.9-2.6 3.4-1.7 4.5.1.1.3.4.7.5.2 1.5.4 4.5-1.4 8-1.1 2.2-2.2 3.2-3.1 4.1-1.3 1.2-2.4 2.3-2.2 5.6.2 3 .6 4.9.7 5.5-.8-.9-1.6-1.7-2.2-2.5-1.6-2.2-2.5-.6-4.9 1.1-2.5 1.6.2 2.6-2.8.7-1-.6-2.1-1-3.1-1.2-.4-.5-.8-.9-1.3-1.2l-.3-.1c-.3-.1-6.6-2-9.3 2.3-.8.7-2.8 3-.2 7.8 1 1.8 2.7 3.8 4.3 5.7.8 1 1.7 2 2.4 3-.5-.2-1.1-.4-1.7-.4-4.1-.5-3.4 2.4-3.4 2.4.5 1.9 1.2 1.6 1.9 1 .7-.6 2.5-.2 4.6 0 .2 0 .4 0 .5-.1.4.8.6 1.5.7 2.2-.9.1-2.4.5-4.3.4-2.9-.1-4.7.9-4.7.9.6 2.9 3.6.6 5.9.9 1.1.2 2.1 0 2.8-.4-.9 2-3.1 4.7-5.8 6.2l-.2.1s-1.8 1.6-3.2 1c-2.1-.9-4.8-2.3-6.2-3.2-.5-.3-.8-1.4-1-2.4v-.1c1.2.2 2.7.2 3.3-.3 1-.7 1.3-2.7 1.3-2.7s-.9 1-1.4 0c-.6-1 .4-3.1.9-3.1.4 0 2.1 0 1.1-2-1-1.9-5.7 0-6.4.2-.7-.3-5.5-2.1-6.4-.2-1 2 .7 2 1.1 2 .4 0 1.4 2.1.9 3.1-.6 1-1.4 0-1.4 0s.2 1.9 1.3 2.7c.6.5 2.2.5 3.3.3v.1c-.2 1-.5 2.1-1 2.4-1.4.9-4.1 2.3-6.2 3.2-1.1.5-2.8-.7-3.3-1.1l-.6-.1c-2.7-1.6-4.9-4.2-5.7-6.2.7.4 1.6.5 2.8.4 2.3-.3 5.3 2 5.9-.9 0 0-1.8-1-4.7-.9-1.9.1-3.4-.4-4.3-.4.1-.7.3-1.4.7-2.2.2 0 .3.1.5.1 2.1-.1 3.9-.6 4.6 0 .7.6 1.4.9 1.9-1 0 0 .7-2.8-3.4-2.4-.7.1-1.2.2-1.7.4l2.4-3c1.6-1.9 3.3-3.9 4.3-5.7 2.6-4.8.6-7.1-.2-7.8-2.7-4.4-9.1-2.4-9.3-2.3l-.3.1c-.5.3-.9.7-1.3 1.2-1 .2-2.1.5-3.1 1.2-3 1.9-.4.9-2.8-.7-2.5-1.6-3.3-3.3-4.9-1.1-.6.8-1.4 1.7-2.2 2.5.1-.6.6-2.6.7-5.5.2-3.3-.9-4.3-2.2-5.6-.9-.8-1.9-1.9-3.1-4.1-1.8-3.5-1.7-6.5-1.4-8 .4-.1.6-.3.7-.5.9-1.1-.1-2.5-1.7-4.5-2.7-3.3-.8-12 2.6-16.4 2.3-3 4.1-2.4 5.7-1.8.4.1.8.3 1 .3.7.3 3.7 2.5 13.9 11.8l.6.5c2.5 2.2 1.9 4.3 1.9 4.4l-1.5 5 3.6-3.7s1-.9 3.5-1.7c-.1.9-.5 2.1-1.4 3.8-2.3 4.4-5.6 11.4-4.4 15.2 1.2 3.8 4 6.3 4 6.3s2.7-1.2 1.6-2.6c-1.2-1.5-.8-4.4-2.4-6.4-1.6-2-.2-2 1.4-5.5 1.4-3.1 4.9-8.9 4.6-11.3.2 0 .5-.1.7-.1 1.7-.2 4 0 4.5 0h.2c.5 0 2.7-.1 4.5 0 .2 0 .5 0 .7.1-.3 2.4 3.2 8.2 4.6 11.3 1.6 3.5 3 3.5 1.4 5.5s-1.2 5-2.4 6.4c-1.2 1.5 1.6 2.6 1.6 2.6s2.8-2.5 4-6.3c1.2-3.8-2.1-10.8-4.4-15.2-.9-1.7-1.3-2.9-1.4-3.8 2.5.7 3.4 1.6 3.4 1.6l3.8 4.2-1.8-5.4s-.6-2.2 1.9-4.4l.6-.5c10.1-9.3 13.1-11.5 13.8-11.8.3-.1.7-.2 1.1-.3 1.6-.5 3.4-1.1 5.7 1.8 3.4 4.4 5.2 13.2 2.6 16.5zM56.06 79.387c-.816.067-.662-.238-1.455-.534-.559-.209-.977-.04-1.18.437-.193.451-.091 1.02.335 1.347.412.317.82.562 1.254.75-.388.934-.614 1.859-.614 2.768-2.4-1.7-4.7-4.3-7.9-8.3-2-2.5-3.1-5.4-3.7-7.8.5-.3 1-.9 1.3-2 .7-3.1 3.3-2.4 2.6-.7-.7 1.7.4 3.3 2.7 1.5 1.1-.9 2.7-2.2 4.4-3.3-.6 1.5-.7 3.2-.3 4.7.7 2.6 2.7 4.1 5.6 4.3h.6c.7 0 1.3-.1 1.9-.2-.5.6-1 1.2-1.6 1.9-1.441 1.698-2.881 3.422-3.94 5.132zm39.02 2.026a5.821 5.821 0 0 0 1.316-.776c.426-.327.527-.896.335-1.347-.204-.477-.621-.646-1.181-.437-.823.308-.625.624-1.552.525-1.072-1.707-2.511-3.428-3.898-5.123-.5-.6-1.1-1.3-1.5-1.9.6.1 1.2.2 1.9.2h.6c2.9-.1 4.9-1.7 5.6-4.3.4-1.5.2-3.2-.3-4.7 1.7 1.1 3.3 2.5 4.4 3.3 2.2 1.7 3.4.1 2.7-1.5-.7-1.7 1.9-2.4 2.6.7.2 1.1.7 1.7 1.3 2-.8 2.4-1.9 5.3-3.9 7.8-3.2 4-5.5 6.6-7.8 8.3 0-.901-.23-1.817-.62-2.742zM89.8 68.755c.9 0 1.6-1.6 1.6-3.5 0-1.5-.4-2.7-1-3.2.9.1 1.7.2 2 .3 1.3.9 2.1 3.4 1.7 5.2-.4 1.5-1.5 2.3-3.2 2.4-2.4.1-4.2-.6-5-1.9-.8-1.2-.7-2.7.1-4.2.7-1.2 1.9-1.7 3.1-1.8-.6.5-1 1.8-1 3.2.1 2 .8 3.5 1.7 3.5zm-29.6 0c.9 0 1.6-1.6 1.6-3.5 0-1.5-.4-2.7-1-3.2 1.2.1 2.5.5 3.1 1.8.8 1.5.9 3.1.2 4.2-.8 1.3-2.6 2-5 1.9-1.7-.1-2.8-.9-3.2-2.4-.5-1.8.3-4.3 1.7-5.2.3-.1 1.1-.3 2-.3-.6.5-1 1.8-1 3.2 0 2 .7 3.5 1.6 3.5z" style="display:inline;clip-rule:evenodd;fill-rule:nonzero;stroke-linejoin:round;stroke-miterlimit:2;" transform="translate(-24.442 -10.852) scale(.78193)"></path>
              </g>
              <g style="display:inline;clip-rule:evenodd;fill-rule:evenodd;stroke-linejoin:round;stroke-miterlimit:2;fill:#19aae6;fill-opacity:1;">
                <path d="M.207-.522v-.053A.516.516 0 0 0 .204-.61l-.037.001-.047.002-.051.004a3.141 3.141 0 0 0-.048.006l.004-.022.001-.022-.001-.022-.004-.022.062.002.056.001.062.001.08.001.081-.001.061-.001.055-.001.057-.002-.003.022a.164.164 0 0 0-.002.022l.002.022.003.022A1.294 1.294 0 0 0 .49-.603L.441-.607.394-.609.357-.61l-.001.014-.001.021v.303a6.096 6.096 0 0 0 .008.274A.413.413 0 0 0 .326 0h-.09a.413.413 0 0 0-.037.002 6.096 6.096 0 0 0 .008-.274Z" style="display:inline;clip-rule:evenodd;fill-rule:nonzero;stroke-linejoin:round;stroke-miterlimit:2;fill:#19aae6;fill-opacity:1;" transform="matrix(39.68747 0 0 39.68742 197.01 30.638)"></path>
                <path d="M.634-.362a.39.39 0 0 0-.016-.117.296.296 0 0 0-.044-.087.208.208 0 0 0-.069-.056.203.203 0 0 0-.18.005.231.231 0 0 0-.069.067.3.3 0 0 0-.042.098.472.472 0 0 0-.015.121c0 .053.006.098.017.135a.236.236 0 0 0 .046.088.166.166 0 0 0 .067.049.215.215 0 0 0 .166-.004.208.208 0 0 0 .072-.058.327.327 0 0 0 .049-.099.495.495 0 0 0 .018-.142zM.035-.34a.353.353 0 0 1 .226-.33.48.48 0 0 1 .307-.006.35.35 0 0 1 .12.066.307.307 0 0 1 .081.111.405.405 0 0 1 .001.298.36.36 0 0 1-.2.189.426.426 0 0 1-.154.027.54.54 0 0 1-.148-.02.31.31 0 0 1-.203-.174.392.392 0 0 1-.03-.161Z" style="display:inline;clip-rule:evenodd;fill-rule:nonzero;stroke-linejoin:round;stroke-miterlimit:2;fill:#19aae6;fill-opacity:1;" transform="matrix(39.68747 0 0 39.68742 167.01 30.638)"></path>
                <path d="M.089-.408a6.261 6.261 0 0 0-.008-.277l.037.003a.573.573 0 0 0 .127-.003 2.783 2.783 0 0 0-.008.277v.136a3.925 3.925 0 0 0 .002.202 2.169 2.169 0 0 0 .229-.013.918.918 0 0 1-.003.02l-.001.025.001.025a.197.197 0 0 0 .003.015L.402.001.293 0H.135L.101.001l-.02.001a6.096 6.096 0 0 0 .008-.274z" style="display:inline;clip-rule:evenodd;fill-rule:nonzero;stroke-linejoin:round;stroke-miterlimit:2;fill:#19aae6;fill-opacity:1;" transform="matrix(39.68747 0 0 39.68742 150.227 30.638)"></path>
                <path d="M.08-.408a6.261 6.261 0 0 0-.008-.277l.089.003a2.584 2.584 0 0 0 .298-.003.166.166 0 0 0-.004.042l.001.025a.918.918 0 0 1 .003.02L.396-.602.329-.606A4.563 4.563 0 0 1 .27-.609L.233-.61a1.34 1.34 0 0 0-.004.109l-.001.109.118-.003L.455-.4l-.004.026-.001.019.002.016.003.025a2.89 2.89 0 0 0-.227-.009v.064l-.001.064c0 .043.001.085.003.125a2.169 2.169 0 0 0 .229-.013.918.918 0 0 1-.003.02l-.001.025.001.025a.197.197 0 0 0 .003.015L.393.001.284 0H.126L.092.001l-.02.001A6.096 6.096 0 0 0 .08-.272z" style="display:inline;clip-rule:evenodd;fill-rule:nonzero;stroke-linejoin:round;stroke-miterlimit:2;fill:#19aae6;fill-opacity:1;" transform="matrix(39.68747 0 0 39.68742 130.666 30.638)"></path>
                <path d="m.63-.111-.014.042a.23.23 0 0 0-.008.043.454.454 0 0 1-.204.041.438.438 0 0 1-.155-.025.312.312 0 0 1-.214-.306.43.43 0 0 1 .033-.177.316.316 0 0 1 .213-.184.535.535 0 0 1 .262-.007.79.79 0 0 1 .052.016c.016.006.03.012.041.019a.312.312 0 0 0-.023.102H.599a.246.246 0 0 0-.078-.069.213.213 0 0 0-.174-.002.214.214 0 0 0-.074.055.275.275 0 0 0-.053.094.409.409 0 0 0-.021.138c0 .051.007.095.021.131a.237.237 0 0 0 .131.14.229.229 0 0 0 .134.01.282.282 0 0 0 .095-.038.225.225 0 0 0 .037-.031z" style="display:inline;clip-rule:evenodd;fill-rule:nonzero;stroke-linejoin:round;stroke-miterlimit:2;fill:#19aae6;fill-opacity:1;" transform="matrix(39.68747 0 0 39.68742 105.27 30.638)"></path>
                <path d="M.634-.362a.39.39 0 0 0-.016-.117.296.296 0 0 0-.044-.087.208.208 0 0 0-.069-.056.203.203 0 0 0-.18.005.231.231 0 0 0-.069.067.3.3 0 0 0-.042.098.472.472 0 0 0-.015.121c0 .053.006.098.017.135a.236.236 0 0 0 .046.088.166.166 0 0 0 .067.049.215.215 0 0 0 .166-.004.208.208 0 0 0 .072-.058.327.327 0 0 0 .049-.099.495.495 0 0 0 .018-.142zM.035-.34a.353.353 0 0 1 .226-.33.48.48 0 0 1 .307-.006.35.35 0 0 1 .12.066.307.307 0 0 1 .081.111.405.405 0 0 1 .001.298.36.36 0 0 1-.2.189.426.426 0 0 1-.154.027.54.54 0 0 1-.148-.02.31.31 0 0 1-.203-.174.392.392 0 0 1-.03-.161Z" style="display:inline;clip-rule:evenodd;fill-rule:nonzero;stroke-linejoin:round;stroke-miterlimit:2;fill:#19aae6;fill-opacity:1;" transform="matrix(39.68747 0 0 39.68742 72.494 30.638)"></path>
              </g>
              <g style="fill:#797676;fill-opacity:1;stroke:#797676;stroke-opacity:1;">
                <path d="M813.819 167.827c1.226-6.378 1.472-7.237 3.557-12.757-11.163-5.275-19.75-7.36-30.79-7.36-14.842 0-28.213 5.03-37.29 13.984-7.728 7.728-11.776 18.155-11.776 30.912 0 14.966 5.642 26.374 16.928 34.347 8.096 5.765 18.89 8.587 32.997 8.587 9.2 0 15.21-.982 31.526-4.784-.859-4.416-.982-6.624-.982-16.07 0-7.973.246-13.493.982-18.522-4.416.122-7.728.245-9.936.245s-5.52-.123-9.936-.245c.613 8.586.858 12.634.858 17.541 0 4.661-.122 6.992-.858 12.39-5.275 1.349-7.851 1.717-11.776 1.717-8.587 0-15.334-2.576-20.609-7.974-6.256-6.378-9.077-14.842-9.077-27.11 0-12.634 3.312-22.202 10.059-28.826 5.397-5.52 12.757-8.464 20.853-8.464 10.059 0 16.928 3.68 23.184 12.39zM648.832 234.19c2.33-.245 4.048-.368 5.274-.368 1.104 0 2.822.123 5.152.368-.736-10.549-.981-21.957-.981-41.338 0-7.483 0-10.795.245-17.91 33.243 35.328 42.566 45.755 52.747 59.248 2.699-.245 4.784-.368 6.133-.368 1.227 0 3.312.123 5.888.368.123-7.605.123-8.096.123-9.322 0-1.595-.245-6.747-.613-14.23-.246-7.114-.49-15.088-.49-22.938 0-11.408.122-14.598.98-38.64-2.33.245-4.048.367-5.152.367-1.226 0-2.944-.122-5.274-.368.613 17.787.981 31.28.981 34.347 0 2.208-.123 7.238-.368 14.352 0 1.472-.123 5.03-.245 9.69-26.374-27.6-44.406-47.717-52.38-58.389-2.698.246-4.66.368-6.01.368-1.35 0-3.434-.122-6.01-.368.613 14.843.98 27.969.98 41.34 0 13.37-.49 35.45-.98 43.791zM608.351 234.19c4.416-.245 7.728-.368 9.936-.368s5.52.123 9.936.368c-.736-8.586-.98-22.202-.98-43.914 0-16.438.367-33.734.98-41.217-4.416.246-7.728.368-9.936.368s-5.52-.122-9.936-.368c.86 8.832.982 16.438.982 41.462 0 22.203-.123 30.299-.982 43.67zM557.077 157.278c-.123 8.832-.123 12.635-.246 38.027-.122 17.91-.368 27.11-.858 38.885 4.416-.245 7.728-.368 9.936-.368s5.52.123 9.936.368c-.49-12.757-.859-28.09-.859-48.453 0-16.806 0-19.136-.123-23.184v-5.275h2.822c6.256 0 7.36 0 19.75.981-.246-2.208-.369-3.802-.369-4.906 0-1.104.123-2.699.368-4.907-17.91.859-22.939.981-31.28.981-8.464 0-15.456-.245-31.648-.98.245 2.207.368 3.802.368 4.906 0 1.104-.123 2.698-.368 4.906 12.512-.98 13.493-.98 19.259-.98zM521.38 165.497c1.473-6.01 1.718-6.87 3.926-12.267-5.888-3.803-12.021-5.52-19.504-5.52-7.483 0-14.23 2.208-19.259 6.379-5.888 4.661-8.71 11.285-8.71 19.75 0 6.991 2.086 12.634 6.012 16.56 3.189 3.311 5.52 4.783 14.965 9.567 12.635 6.624 15.456 9.323 15.456 15.334 0 7.482-5.888 12.512-14.597 12.512-3.926 0-7.238-1.104-10.182-3.312-3.19-2.454-4.416-4.294-6.01-9.446h-2.944c-.86 7.115-1.104 8.219-3.435 15.211 7.237 3.803 13.37 5.275 21.221 5.275 17.91 0 30.667-11.531 30.667-27.723 0-5.52-1.595-10.795-4.539-14.597-2.821-3.68-6.624-6.256-15.946-10.918-12.512-6.133-15.947-9.568-15.947-15.824 0-6.379 5.152-11.04 12.512-11.04 4.048 0 7.973 1.472 10.427 3.803 1.472 1.35 2.453 3.066 3.68 6.256zM422.88 147.71c-14.23 0-25.148 3.803-33.98 11.899-8.709 7.973-13.738 19.872-13.738 32.752 0 14.23 4.416 24.656 13.861 32.752 8.341 6.992 18.768 10.427 31.893 10.427 13.616 0 24.411-3.926 33.243-11.899 9.2-8.587 13.739-19.504 13.739-33.488 0-13.739-4.416-24.166-13.616-32.016-8.342-7.238-18.155-10.427-31.403-10.427zm-.737 7.728c16.192 0 25.76 13.003 25.76 35.328 0 22.203-10.672 37.046-26.741 37.046-8.219 0-16.07-4.294-20.486-11.286-3.802-6.01-5.397-13.002-5.397-23.92 0-23.061 10.181-37.168 26.864-37.168zM285.492 234.19c4.416-.245 7.728-.368 9.936-.368s5.52.123 9.936.368c-.736-11.898-.981-17.541-.981-27.6 0-3.557 0-3.557.122-12.634 6.38-.736 10.427-.982 17.051-.982 6.747 0 11.285.246 20.73.982l-.122 9.936-.245 13.984c-.123 4.17-.245 7.85-.613 16.314 4.416-.245 7.728-.368 9.936-.368s5.52.123 9.936.368c-.736-12.88-.982-26.25-.982-47.226 0-19.627.246-27.11.982-37.905-4.416.246-7.728.368-9.936.368s-5.52-.122-9.936-.368c.736 8.587.858 11.408.98 33.611-8.095.859-11.775.982-18.522.982-6.87 0-10.795-.246-19.381-.982.122-15.701.245-22.816.981-33.61-4.416.245-7.728.367-9.936.367s-5.52-.122-9.936-.368c.736 10.06.981 18.768.981 42.198z" style="font-weight:700;font-size:122.667px;font-family:&quot;URW Classico&quot;;-inkscape-font-specification:&quot;URW Classico Bold&quot;;clip-rule:evenodd;fill:#797676;fill-rule:evenodd;stroke-width:2.95559;stroke-linejoin:round;stroke-miterlimit:2;fill-opacity:1;stroke:#797676;stroke-opacity:1;" transform="matrix(.26458 0 0 .26458 0 3.175)"></path>
              </g>
            </g>
          </svg><span data-v-279a7136="" class="self-center text-2xl font-semibold whitespace-nowrap dark:text-white">Ocelot Hosting</span></a><button data-collapse-toggle="navbar-default" type="button" class="inline-flex items-center p-2 w-10 h-10 justify-center text-sm text-gray-500 rounded-lg md:hidden hover:bg-gray-100 focus:outline-none focus:ring-2 focus:ring-gray-200 dark:text-gray-400 dark:hover:bg-gray-700 dark:focus:ring-gray-600" aria-controls="navbar-default" aria-expanded="false">
          <!-- eslint-disable-next-line @intlify/vue-i18n/no-raw-text --><span class="sr-only">Open main menu</span><svg class="w-5 h-5" aria-hidden="true" xmlns="http://www.w3.org/2000/svg" fill="none" viewBox="0 0 17 14">
            <path stroke="currentColor" stroke-linecap="round" stroke-linejoin="round" stroke-width="2" d="M1 1h15M1 7h15M1 13h15"></path>
          </svg>
        </button>
        <div id="navbar-default" class="hidden w-full md:block md:w-auto">
          <ul class="font-medium flex flex-col p-4 md:p-0 mt-4 border border-gray-100 rounded-lg bg-gray-50 md:flex-row md:space-x-8 rtl:space-x-reverse md:mt-0 md:border-0 md:bg-white dark:bg-gray-800 md:dark:bg-gray-900 dark:border-gray-700">
            <li><a href="/#features" class="block py-2 px-3 text-white bg-blue-700 rounded-sm md:bg-transparent md:text-blue-700 md:p-0 dark:text-white md:dark:text-blue-500" aria-current="page">Features</a></li>
            <li><a href="/#community" class="block py-2 px-3 text-gray-900 rounded-sm hover:bg-gray-100 md:hover:bg-transparent md:border-0 md:hover:text-blue-700 md:p-0 dark:text-white md:dark:hover:text-blue-500 dark:hover:bg-gray-700 dark:hover:text-white md:dark:hover:bg-transparent">Community</a></li>
            <li><a href="/pricing" class="block py-2 px-3 text-gray-900 rounded-sm hover:bg-gray-100 md:hover:bg-transparent md:border-0 md:hover:text-blue-700 md:p-0 dark:text-white md:dark:hover:text-blue-500 dark:hover:bg-gray-700 dark:hover:text-white md:dark:hover:bg-transparent">Pricing</a></li>
            <li><a href="/try#try">
                <!-- eslint-disable-line @intlify/vue-i18n/no-raw-text --> Button CTA: Try now
              </a></li>
            <li><a href="/try#trial">
                <!-- eslint-disable-line @intlify/vue-i18n/no-raw-text --> Button CTA: Book Trial
              </a></li>
            <li><a href="(...args) => fn(common, ...args)">EN</a><a href="(...args) => fn(common, ...args)">DE</a></li>
          </ul>
        </div>
      </div>
    </nav>
    <footer class="bg-white rounded-lg shadow-sm m-4 dark:bg-gray-800">
      <div class="w-full mx-auto max-w-screen-xl p-4 md:flex md:items-center md:justify-between"><span class="text-sm text-gray-500 sm:text-center dark:text-gray-400">© 2025 <a href="https://www.webcraft-media.de/" class="hover:underline">Webcraft-Media</a>. All Rights Reserved.</span>
        <ul class="flex flex-wrap items-center mt-3 text-sm font-medium text-gray-500 dark:text-gray-400 sm:mt-0">
          <li><a href="https://www.webcraft-media.de#!impressum" class="hover:underline me-4 md:me-6">Imprint</a></li>
          <li><a href="https://www.webcraft-media.de#!datenschutz" class="hover:underline me-4 md:me-6">Privacy Policy</a></li>
          <li><a href="#" class="hover:underline me-4 md:me-6">Licensing</a></li>
          <li><a href="#" class="hover:underline">Contact</a></li>
        </ul>
      </div>
    </footer>
  </div>
</div>"
`;
